Name: "path/to/file/1"
Definition (definition.import):
import { named1, named2 as alias2, named3 as alias3 } from "path/to/file/1";
Named imports:
    named1
    named2 as alias2
    named3 as alias3

Name: "path/to/file/2"
Definition (definition.import):
import default1 from "path/to/file/2";
Default import: default1

Name: "path/to/file/3"
Definition (definition.import):
import { named4 as alias4, named5 as alias5, type NamedType1 as AliasType1 } from "path/to/file/3";
Named imports:
    named4 as alias4
    named5 as alias5
    NamedType1 as AliasType1

Name: 'npm-lib-1'
Definition (definition.import):
import default2, { named4 as alias4 } from 'npm-lib-1'
Default import: default2
Named imports:
    named4 as alias4

Name: "npm-lib-2"
Definition (definition.import):
import * as entireModule from "npm-lib-2";
Namespace: entireModule

Name: "path/to/file/4"
Definition (definition.import):
import type { NamedType2 } from "path/to/file/4";
Named imports:
    NamedType2

Name: 'npm-lib-3'
Definition (definition.import):
import default3 = require('npm-lib-3');
Default import: default3

Name: "./side-effects-only-1.ts"
Definition (definition.import):
import "./side-effects-only-1.ts";

Name: 'npm-lib-4'
Definition (definition.import):
import default4 from 'npm-lib-4';
Default import: default4

Name: constructor
Doc:
// Constructor comment.
Definition (definition.constructor):
constructor() {}
