Name: test
Definition (definition.namespace):
namespace test;

Name: foo
Definition (definition.function):
function foo()
{
}

Name: FooInterface
Doc:
// FooInterface.
Definition (definition.interface):
interface FooInterface
{
    public function encode(...$numbers);
}

Name: encode
Declaration (definition.method):
public function encode(...$numbers);
Lineage: [FooInterface]
Lineage types: [interface]

Name: FooClass
Doc:
// FooClass.
Definition (definition.class):
class FooClass implements FooInterface
{
    // Constructor comment.
    function __construct() {}
    /**
     * @param mixed $numbers
     * @return string
     */
    public function encode(...$numbers)
    {
    }
}

Name: __construct
Doc:
// Constructor comment.
Definition (definition.method):
function __construct() {}
Lineage: [FooClass]
Lineage types: [class]

Name: encode
Doc:
/**
     * @param mixed $numbers
     * @return string
     */
Definition (definition.method):
public function encode(...$numbers)
    {
    }
Lineage: [FooClass]
Lineage types: [class]
